
Options: -U 

J48 unpruned tree
------------------

Glucose = ON
|   Hematin = ON: GROWTH (31.0)
|   Hematin = OFF
|   |   Vitamin_K = ON
|   |   |   B12 = ON: GROWTH (8.0)
|   |   |   B12 = OFF: NO_GROWTH (7.0/1.0)
|   |   Vitamin_K = OFF: GROWTH (12.0/1.0)
Glucose = OFF: NO_GROWTH (63.0/1.0)

Number of Leaves  : 	5

Size of the tree : 	9


Time taken to build model: [0-9]+.[0-9]+ seconds
Time taken to test model on training data: [0-9]+.[0-9]+ seconds

=== Error on training data ===

Correctly Classified Instances         118               97.5207 %
Incorrectly Classified Instances         3                2.4793 %
Kappa statistic                          0.9493
Mean absolute error                      0.0456
Root mean squared error                  0.151 
Relative absolute error                  9.2977 %
Root relative squared error             30.497  %
Total Number of Instances              121     


=== Detailed Accuracy By Class ===

               TP Rate   FP Rate   Precision   Recall  F-Measure   ROC Area  Class
                 0.962     0.014      0.98      0.962     0.971      0.987    GROWTH
                 0.986     0.038      0.971     0.986     0.978      0.987    NO_GROWTH
Weighted Avg.    0.975     0.028      0.975     0.975     0.975      0.987


=== Confusion Matrix ===

  a  b   <-- classified as
 50  2 |  a = GROWTH
  1 68 |  b = NO_GROWTH



=== Stratified cross-validation ===

Correctly Classified Instances         118               97.5207 %
Incorrectly Classified Instances         3                2.4793 %
Kappa statistic                          0.9493
Mean absolute error                      0.047 
Root mean squared error                  0.1649
Relative absolute error                  9.5782 %
Root relative squared error             33.2934 %
Total Number of Instances              121     


=== Detailed Accuracy By Class ===

               TP Rate   FP Rate   Precision   Recall  F-Measure   ROC Area  Class
                 0.962     0.014      0.98      0.962     0.971      0.956    GROWTH
                 0.986     0.038      0.971     0.986     0.978      0.956    NO_GROWTH
Weighted Avg.    0.975     0.028      0.975     0.975     0.975      0.956


=== Confusion Matrix ===

  a  b   <-- classified as
 50  2 |  a = GROWTH
  1 68 |  b = NO_GROWTH

